2026-06-29 12:29:35,896 [INFO] ============================================================
2026-06-29 12:29:35,896 [INFO]   DEMARRAGE DE L'ORCHESTRATEUR DE FLUX HAUTE DISPONIBILITE
2026-06-29 12:29:35,896 [INFO] ============================================================
2026-06-29 12:29:35,896 [INFO] Kafka Broker   : localhost:9092
2026-06-29 12:29:35,897 [INFO] Topics Kafka    : ['coinbase.btc.usd.trades', 'binance.btc.usd.trades']
2026-06-29 12:29:35,897 [INFO] Flux Coinbase  : wss://ws-feed.exchange.coinbase.com
2026-06-29 12:29:35,897 [INFO] Flux Binance   : wss://stream.binance.com:9443/ws/btcusdt@trade
2026-06-29 12:29:35,897 [INFO] ------------------------------------------------------------
2026-06-29 12:29:35,897 [INFO] Lancement des consommateurs en parallele...
2026-06-29 12:29:35,906 [INFO] <BrokerConnection client_id=topic-creator, node_id=bootstrap-0 host=localhost:9092 <connecting> [IPv6 ('::1', 9092, 0, 0)]>: connecting to localhost:9092 [('::1', 9092, 0, 0) IPv6]
2026-06-29 12:29:35,914 [INFO] <BrokerConnection client_id=topic-creator, node_id=bootstrap-0 host=localhost:9092 <checking_api_versions_recv> [IPv6 ('::1', 9092, 0, 0)]>: Broker version identified as 2.6
2026-06-29 12:29:35,915 [INFO] <BrokerConnection client_id=topic-creator, node_id=bootstrap-0 host=localhost:9092 <connected> [IPv6 ('::1', 9092, 0, 0)]>: Connection complete.
2026-06-29 12:29:35,924 [INFO] <BrokerConnection client_id=topic-creator, node_id=1 host=localhost:9092 <connecting> [IPv6 ('::1', 9092, 0, 0)]>: connecting to localhost:9092 [('::1', 9092, 0, 0) IPv6]
2026-06-29 12:29:35,925 [INFO] <BrokerConnection client_id=topic-creator, node_id=1 host=localhost:9092 <connected> [IPv6 ('::1', 9092, 0, 0)]>: Connection complete.
2026-06-29 12:29:35,926 [INFO] <BrokerConnection client_id=topic-creator, node_id=bootstrap-0 host=localhost:9092 <connected> [IPv6 ('::1', 9092, 0, 0)]>: Closing connection. 
2026-06-29 12:29:35,937 [INFO] Le topic 'coinbase.btc.usd.trades' existe déjà (Partitions: 3)
2026-06-29 12:29:35,938 [INFO] Le topic 'binance.btc.usd.trades' existe déjà (Partitions: 3)
2026-06-29 12:29:35,938 [INFO] <BrokerConnection client_id=topic-creator, node_id=1 host=localhost:9092 <connected> [IPv6 ('::1', 9092, 0, 0)]>: Closing connection. 
2026-06-29 12:29:35,942 [INFO] <BrokerConnection client_id=kafka-python-producer-1, node_id=bootstrap-0 host=localhost:9092 <connecting> [IPv6 ('::1', 9092, 0, 0)]>: connecting to localhost:9092 [('::1', 9092, 0, 0) IPv6]
2026-06-29 12:29:35,950 [INFO] <BrokerConnection client_id=kafka-python-producer-1, node_id=bootstrap-0 host=localhost:9092 <checking_api_versions_recv> [IPv6 ('::1', 9092, 0, 0)]>: Broker version identified as 2.6
2026-06-29 12:29:35,950 [INFO] <BrokerConnection client_id=kafka-python-producer-1, node_id=bootstrap-0 host=localhost:9092 <connected> [IPv6 ('::1', 9092, 0, 0)]>: Connection complete.
2026-06-29 12:29:35,952 [INFO] [Coinbase] Connexion au WebSocket: wss://ws-feed.exchange.coinbase.com
2026-06-29 12:29:36,004 [INFO] [Binance] Connexion au WebSocket: wss://stream.binance.com:9443/ws/btcusdt@trade
2026-06-29 12:29:36,006 [INFO] [Monitor] Démarrage de la surveillance (timeout=2.0s)
2026-06-29 12:29:36,597 [INFO] [Coinbase] Abonnement envoyé avec succès
2026-06-29 12:29:36,732 [INFO] <BrokerConnection client_id=kafka-python-producer-1, node_id=1 host=localhost:9092 <connecting> [IPv6 ('::1', 9092, 0, 0)]>: connecting to localhost:9092 [('::1', 9092, 0, 0) IPv6]
2026-06-29 12:29:36,732 [INFO] <BrokerConnection client_id=kafka-python-producer-1, node_id=1 host=localhost:9092 <connected> [IPv6 ('::1', 9092, 0, 0)]>: Connection complete.
2026-06-29 12:29:36,733 [INFO] <BrokerConnection client_id=kafka-python-producer-1, node_id=bootstrap-0 host=localhost:9092 <connected> [IPv6 ('::1', 9092, 0, 0)]>: Closing connection. 
2026-06-29 12:29:37,398 [INFO] [Binance] Connecté avec succès
2026-06-29 12:29:45,092 [INFO] ============================================================
2026-06-29 12:29:45,092 [INFO]   DEMARRAGE DE L'ORCHESTRATEUR DE FLUX HAUTE DISPONIBILITE
2026-06-29 12:29:45,092 [INFO] ============================================================
2026-06-29 12:29:45,092 [INFO] Kafka Broker   : localhost:9092
2026-06-29 12:29:45,092 [INFO] Topics Kafka    : ['coinbase.btc.usd.trades', 'binance.btc.usd.trades']
2026-06-29 12:29:45,092 [INFO] Flux Coinbase  : wss://ws-feed.exchange.coinbase.com
2026-06-29 12:29:45,093 [INFO] Flux Binance   : wss://stream.binance.com:9443/ws/btcusdt@trade
2026-06-29 12:29:45,093 [INFO] ------------------------------------------------------------
2026-06-29 12:29:45,093 [INFO] Lancement des consommateurs en parallele...
2026-06-29 12:29:45,101 [INFO] <BrokerConnection client_id=topic-creator, node_id=bootstrap-0 host=localhost:9092 <connecting> [IPv6 ('::1', 9092, 0, 0)]>: connecting to localhost:9092 [('::1', 9092, 0, 0) IPv6]
2026-06-29 12:29:45,107 [INFO] <BrokerConnection client_id=topic-creator, node_id=bootstrap-0 host=localhost:9092 <checking_api_versions_recv> [IPv6 ('::1', 9092, 0, 0)]>: Broker version identified as 2.6
2026-06-29 12:29:45,108 [INFO] <BrokerConnection client_id=topic-creator, node_id=bootstrap-0 host=localhost:9092 <connected> [IPv6 ('::1', 9092, 0, 0)]>: Connection complete.
2026-06-29 12:29:45,114 [INFO] <BrokerConnection client_id=topic-creator, node_id=1 host=localhost:9092 <connecting> [IPv6 ('::1', 9092, 0, 0)]>: connecting to localhost:9092 [('::1', 9092, 0, 0) IPv6]
2026-06-29 12:29:45,115 [INFO] <BrokerConnection client_id=topic-creator, node_id=1 host=localhost:9092 <connected> [IPv6 ('::1', 9092, 0, 0)]>: Connection complete.
2026-06-29 12:29:45,115 [INFO] <BrokerConnection client_id=topic-creator, node_id=bootstrap-0 host=localhost:9092 <connected> [IPv6 ('::1', 9092, 0, 0)]>: Closing connection. 
2026-06-29 12:29:45,125 [INFO] Le topic 'coinbase.btc.usd.trades' existe déjà (Partitions: 3)
2026-06-29 12:29:45,125 [INFO] Le topic 'binance.btc.usd.trades' existe déjà (Partitions: 3)
2026-06-29 12:29:45,126 [INFO] <BrokerConnection client_id=topic-creator, node_id=1 host=localhost:9092 <connected> [IPv6 ('::1', 9092, 0, 0)]>: Closing connection. 
2026-06-29 12:29:45,128 [INFO] <BrokerConnection client_id=kafka-python-producer-1, node_id=bootstrap-0 host=localhost:9092 <connecting> [IPv6 ('::1', 9092, 0, 0)]>: connecting to localhost:9092 [('::1', 9092, 0, 0) IPv6]
2026-06-29 12:29:45,135 [INFO] <BrokerConnection client_id=kafka-python-producer-1, node_id=bootstrap-0 host=localhost:9092 <checking_api_versions_recv> [IPv6 ('::1', 9092, 0, 0)]>: Broker version identified as 2.6
2026-06-29 12:29:45,135 [INFO] <BrokerConnection client_id=kafka-python-producer-1, node_id=bootstrap-0 host=localhost:9092 <connected> [IPv6 ('::1', 9092, 0, 0)]>: Connection complete.
2026-06-29 12:29:45,136 [INFO] [Coinbase] Connexion au WebSocket: wss://ws-feed.exchange.coinbase.com
2026-06-29 12:29:45,198 [INFO] [Binance] Connexion au WebSocket: wss://stream.binance.com:9443/ws/btcusdt@trade
2026-06-29 12:29:45,199 [INFO] [Monitor] Démarrage de la surveillance (timeout=2.0s)
2026-06-29 12:29:46,353 [INFO] [Binance] Connecté avec succès
2026-06-29 12:29:46,686 [INFO] [Coinbase] Abonnement envoyé avec succès
2026-06-29 12:29:46,799 [INFO] <BrokerConnection client_id=kafka-python-producer-1, node_id=1 host=localhost:9092 <connecting> [IPv6 ('::1', 9092, 0, 0)]>: connecting to localhost:9092 [('::1', 9092, 0, 0) IPv6]
2026-06-29 12:29:46,799 [INFO] <BrokerConnection client_id=kafka-python-producer-1, node_id=1 host=localhost:9092 <connected> [IPv6 ('::1', 9092, 0, 0)]>: Connection complete.
2026-06-29 12:29:46,801 [INFO] <BrokerConnection client_id=kafka-python-producer-1, node_id=bootstrap-0 host=localhost:9092 <connected> [IPv6 ('::1', 9092, 0, 0)]>: Closing connection. 
2026-06-29 13:36:36,625 [WARNING] [Monitor] !!! Coinbase inactif depuis 2636.83s. Bascule sur Binance !!!
2026-06-29 13:36:40,557 [WARNING] <BrokerConnection client_id=kafka-python-producer-1, node_id=1 host=localhost:9092 <connected> [IPv6 ('::1', 9092, 0, 0)]> timed out after 30000.0 ms. Closing connection.
2026-06-29 13:36:40,557 [ERROR] <BrokerConnection client_id=kafka-python-producer-1, node_id=1 host=localhost:9092 <connected> [IPv6 ('::1', 9092, 0, 0)]>: Closing connection. [Error 7] RequestTimedOutError: Request timed out after 30000.0 ms
2026-06-29 13:36:40,558 [ERROR] <Sender client_id=kafka-python-producer-1 transactional_id=None>: Error sending produce request to node 1: [Error 7] RequestTimedOutError: Request timed out after 30000.0 ms
2026-06-29 13:36:40,558 [ERROR] Error processing errback
Traceback (most recent call last):
  File "C:\Users\Adrien Duval\miniconda3\Lib\site-packages\kafka\future.py", line 90, in _call_backs
    f(value)
    ~^^^^^^^
  File "C:\Users\Adrien Duval\miniconda3\Lib\site-packages\kafka\producer\sender.py", line 402, in _failed_produce
    self._complete_batch(batch, PartitionResponse(error=error))
    ~~~~~~~~~~~~~~~~~~~~^^^^^^^^^^^^^^^^^^^^^^^^^^^^^^^^^^^^^^^
  File "C:\Users\Adrien Duval\miniconda3\Lib\site-packages\kafka\producer\sender.py", line 541, in _complete_batch
    self._fail_batch(batch, partition_response)
    ~~~~~~~~~~~~~~~~^^^^^^^^^^^^^^^^^^^^^^^^^^^
  File "C:\Users\Adrien Duval\miniconda3\Lib\site-packages\kafka\producer\sender.py", line 466, in _fail_batch
    exception = partition_response.error(partition_response.error_message)
TypeError: 'RequestTimedOutError' object is not callable
2026-06-29 13:36:40,564 [ERROR] <Sender client_id=kafka-python-producer-1 transactional_id=None>: Error sending produce request to node 1: [Error 7] RequestTimedOutError: Request timed out after 30000.0 ms
2026-06-29 13:36:40,564 [ERROR] Error processing errback
Traceback (most recent call last):
  File "C:\Users\Adrien Duval\miniconda3\Lib\site-packages\kafka\future.py", line 90, in _call_backs
    f(value)
    ~^^^^^^^
  File "C:\Users\Adrien Duval\miniconda3\Lib\site-packages\kafka\producer\sender.py", line 402, in _failed_produce
    self._complete_batch(batch, PartitionResponse(error=error))
    ~~~~~~~~~~~~~~~~~~~~^^^^^^^^^^^^^^^^^^^^^^^^^^^^^^^^^^^^^^^
  File "C:\Users\Adrien Duval\miniconda3\Lib\site-packages\kafka\producer\sender.py", line 541, in _complete_batch
    self._fail_batch(batch, partition_response)
    ~~~~~~~~~~~~~~~~^^^^^^^^^^^^^^^^^^^^^^^^^^^
  File "C:\Users\Adrien Duval\miniconda3\Lib\site-packages\kafka\producer\sender.py", line 466, in _fail_batch
    exception = partition_response.error(partition_response.error_message)
TypeError: 'RequestTimedOutError' object is not callable
2026-06-29 13:36:40,565 [ERROR] <Sender client_id=kafka-python-producer-1 transactional_id=None>: Error sending produce request to node 1: [Error 7] RequestTimedOutError: Request timed out after 30000.0 ms
2026-06-29 13:36:40,566 [ERROR] Error processing errback
Traceback (most recent call last):
  File "C:\Users\Adrien Duval\miniconda3\Lib\site-packages\kafka\future.py", line 90, in _call_backs
    f(value)
    ~^^^^^^^
  File "C:\Users\Adrien Duval\miniconda3\Lib\site-packages\kafka\producer\sender.py", line 402, in _failed_produce
    self._complete_batch(batch, PartitionResponse(error=error))
    ~~~~~~~~~~~~~~~~~~~~^^^^^^^^^^^^^^^^^^^^^^^^^^^^^^^^^^^^^^^
  File "C:\Users\Adrien Duval\miniconda3\Lib\site-packages\kafka\producer\sender.py", line 541, in _complete_batch
    self._fail_batch(batch, partition_response)
    ~~~~~~~~~~~~~~~~^^^^^^^^^^^^^^^^^^^^^^^^^^^
  File "C:\Users\Adrien Duval\miniconda3\Lib\site-packages\kafka\producer\sender.py", line 466, in _fail_batch
    exception = partition_response.error(partition_response.error_message)
TypeError: 'RequestTimedOutError' object is not callable
2026-06-29 13:36:40,567 [ERROR] <Sender client_id=kafka-python-producer-1 transactional_id=None>: Error sending produce request to node 1: [Error 7] RequestTimedOutError: Request timed out after 30000.0 ms
2026-06-29 13:36:40,568 [ERROR] Error processing errback
Traceback (most recent call last):
  File "C:\Users\Adrien Duval\miniconda3\Lib\site-packages\kafka\future.py", line 90, in _call_backs
    f(value)
    ~^^^^^^^
  File "C:\Users\Adrien Duval\miniconda3\Lib\site-packages\kafka\producer\sender.py", line 402, in _failed_produce
    self._complete_batch(batch, PartitionResponse(error=error))
    ~~~~~~~~~~~~~~~~~~~~^^^^^^^^^^^^^^^^^^^^^^^^^^^^^^^^^^^^^^^
  File "C:\Users\Adrien Duval\miniconda3\Lib\site-packages\kafka\producer\sender.py", line 541, in _complete_batch
    self._fail_batch(batch, partition_response)
    ~~~~~~~~~~~~~~~~^^^^^^^^^^^^^^^^^^^^^^^^^^^
  File "C:\Users\Adrien Duval\miniconda3\Lib\site-packages\kafka\producer\sender.py", line 466, in _fail_batch
    exception = partition_response.error(partition_response.error_message)
TypeError: 'RequestTimedOutError' object is not callable
2026-06-29 13:36:40,585 [WARNING] Failed to produce messages to topic-partition TopicPartition(topic='coinbase.btc.usd.trades', partition=1) with base offset None: KafkaTimeoutError: Expiring 17 record(s) for TopicPartition(topic='coinbase.btc.usd.trades', partition=1): 2643909 ms has passed since batch creation
2026-06-29 13:36:40,586 [WARNING] Failed to produce messages to topic-partition TopicPartition(topic='coinbase.btc.usd.trades', partition=2) with base offset None: KafkaTimeoutError: Expiring 22 record(s) for TopicPartition(topic='coinbase.btc.usd.trades', partition=2): 2643944 ms has passed since batch creation
2026-06-29 13:36:40,586 [WARNING] Failed to produce messages to topic-partition TopicPartition(topic='coinbase.btc.usd.trades', partition=0) with base offset None: KafkaTimeoutError: Expiring 11 record(s) for TopicPartition(topic='coinbase.btc.usd.trades', partition=0): 2643899 ms has passed since batch creation
2026-06-29 13:36:40,587 [WARNING] Failed to produce messages to topic-partition TopicPartition(topic='coinbase.btc.usd.trades', partition=1) with base offset None: KafkaTimeoutError: Expiring 1 record(s) for TopicPartition(topic='coinbase.btc.usd.trades', partition=1): 2644015 ms has passed since batch creation
2026-06-29 13:36:40,587 [WARNING] Failed to produce messages to topic-partition TopicPartition(topic='coinbase.btc.usd.trades', partition=1) with base offset None: KafkaTimeoutError: Expiring 1 record(s) for TopicPartition(topic='coinbase.btc.usd.trades', partition=1): 2644009 ms has passed since batch creation
2026-06-29 13:36:40,588 [WARNING] Failed to produce messages to topic-partition TopicPartition(topic='coinbase.btc.usd.trades', partition=0) with base offset None: KafkaTimeoutError: Expiring 1 record(s) for TopicPartition(topic='coinbase.btc.usd.trades', partition=0): 2644074 ms has passed since batch creation
2026-06-29 13:36:40,588 [WARNING] Failed to produce messages to topic-partition TopicPartition(topic='coinbase.btc.usd.trades', partition=0) with base offset None: KafkaTimeoutError: Expiring 2 record(s) for TopicPartition(topic='coinbase.btc.usd.trades', partition=0): 2644010 ms has passed since batch creation
2026-06-29 13:36:40,588 [WARNING] Failed to produce messages to topic-partition TopicPartition(topic='coinbase.btc.usd.trades', partition=0) with base offset None: KafkaTimeoutError: Expiring 1 record(s) for TopicPartition(topic='coinbase.btc.usd.trades', partition=0): 2644005 ms has passed since batch creation
2026-06-29 13:36:40,589 [WARNING] Failed to produce messages to topic-partition TopicPartition(topic='coinbase.btc.usd.trades', partition=2) with base offset None: KafkaTimeoutError: Expiring 1 record(s) for TopicPartition(topic='coinbase.btc.usd.trades', partition=2): 2644010 ms has passed since batch creation
2026-06-29 13:36:40,589 [WARNING] Failed to produce messages to topic-partition TopicPartition(topic='coinbase.btc.usd.trades', partition=2) with base offset None: KafkaTimeoutError: Expiring 3 record(s) for TopicPartition(topic='coinbase.btc.usd.trades', partition=2): 2644006 ms has passed since batch creation
2026-06-29 13:36:40,590 [INFO] <BrokerConnection client_id=kafka-python-producer-1, node_id=1 host=localhost:9092 <connecting> [IPv4 ('127.0.0.1', 9092)]>: connecting to localhost:9092 [('127.0.0.1', 9092) IPv4]
2026-06-29 13:36:40,591 [INFO] <BrokerConnection client_id=kafka-python-producer-1, node_id=1 host=localhost:9092 <connected> [IPv4 ('127.0.0.1', 9092)]>: Connection complete.
2026-06-29 13:36:57,002 [WARNING] [Coinbase] Connexion fermée, tentative de reconnexion dans 5 secondes...
2026-06-29 13:36:59,994 [WARNING] [Binance] Connexion fermée, tentative de reconnexion dans 5 secondes...
2026-06-29 13:37:02,011 [INFO] [Coinbase] Connexion au WebSocket: wss://ws-feed.exchange.coinbase.com
2026-06-29 13:37:03,314 [INFO] [Coinbase] Abonnement envoyé avec succès
2026-06-29 13:37:03,371 [INFO] [Monitor] *** Coinbase a repris après 0.06s. Retour sur Coinbase ***
2026-06-29 13:37:04,996 [INFO] [Binance] Connexion au WebSocket: wss://stream.binance.com:9443/ws/btcusdt@trade
2026-06-29 13:37:06,510 [INFO] [Binance] Connecté avec succès
2026-06-29 13:42:21,101 [INFO] ============================================================
2026-06-29 13:42:21,101 [INFO]   DEMARRAGE DE L'ORCHESTRATEUR DE FLUX HAUTE DISPONIBILITE
2026-06-29 13:42:21,101 [INFO] ============================================================
2026-06-29 13:42:21,101 [INFO] Kafka Broker   : localhost:9092
2026-06-29 13:42:21,101 [INFO] Topics Kafka    : ['coinbase.btc.usd.trades', 'binance.btc.usd.trades']
2026-06-29 13:42:21,102 [INFO] Flux Coinbase  : wss://ws-feed.exchange.coinbase.com
2026-06-29 13:42:21,102 [INFO] Flux Binance   : wss://stream.binance.com:9443/ws/btcusdt@trade
2026-06-29 13:42:21,102 [INFO] ------------------------------------------------------------
2026-06-29 13:42:21,102 [INFO] Lancement des consommateurs en parallele...
2026-06-29 13:42:21,110 [INFO] <BrokerConnection client_id=topic-creator, node_id=bootstrap-0 host=localhost:9092 <connecting> [IPv6 ('::1', 9092, 0, 0)]>: connecting to localhost:9092 [('::1', 9092, 0, 0) IPv6]
2026-06-29 13:42:21,117 [INFO] <BrokerConnection client_id=topic-creator, node_id=bootstrap-0 host=localhost:9092 <checking_api_versions_recv> [IPv6 ('::1', 9092, 0, 0)]>: Broker version identified as 2.6
2026-06-29 13:42:21,117 [INFO] <BrokerConnection client_id=topic-creator, node_id=bootstrap-0 host=localhost:9092 <connected> [IPv6 ('::1', 9092, 0, 0)]>: Connection complete.
2026-06-29 13:42:21,124 [INFO] <BrokerConnection client_id=topic-creator, node_id=1 host=localhost:9092 <connecting> [IPv6 ('::1', 9092, 0, 0)]>: connecting to localhost:9092 [('::1', 9092, 0, 0) IPv6]
2026-06-29 13:42:21,125 [INFO] <BrokerConnection client_id=topic-creator, node_id=1 host=localhost:9092 <connected> [IPv6 ('::1', 9092, 0, 0)]>: Connection complete.
2026-06-29 13:42:21,126 [INFO] <BrokerConnection client_id=topic-creator, node_id=bootstrap-0 host=localhost:9092 <connected> [IPv6 ('::1', 9092, 0, 0)]>: Closing connection. 
2026-06-29 13:42:21,134 [INFO] Le topic 'coinbase.btc.usd.trades' existe déjà (Partitions: 3)
2026-06-29 13:42:21,134 [INFO] Le topic 'binance.btc.usd.trades' existe déjà (Partitions: 3)
2026-06-29 13:42:21,135 [INFO] <BrokerConnection client_id=topic-creator, node_id=1 host=localhost:9092 <connected> [IPv6 ('::1', 9092, 0, 0)]>: Closing connection. 
2026-06-29 13:42:21,138 [INFO] <BrokerConnection client_id=kafka-python-producer-1, node_id=bootstrap-0 host=localhost:9092 <connecting> [IPv6 ('::1', 9092, 0, 0)]>: connecting to localhost:9092 [('::1', 9092, 0, 0) IPv6]
2026-06-29 13:42:21,144 [INFO] <BrokerConnection client_id=kafka-python-producer-1, node_id=bootstrap-0 host=localhost:9092 <checking_api_versions_recv> [IPv6 ('::1', 9092, 0, 0)]>: Broker version identified as 2.6
2026-06-29 13:42:21,144 [INFO] <BrokerConnection client_id=kafka-python-producer-1, node_id=bootstrap-0 host=localhost:9092 <connected> [IPv6 ('::1', 9092, 0, 0)]>: Connection complete.
2026-06-29 13:42:21,145 [INFO] [Coinbase] Connexion au WebSocket: wss://ws-feed.exchange.coinbase.com
2026-06-29 13:42:21,229 [INFO] [Binance] Connexion au WebSocket: wss://stream.binance.com:9443/ws/btcusdt@trade
2026-06-29 13:42:21,230 [INFO] [Monitor] Démarrage de la surveillance (timeout=2.0s)
2026-06-29 13:42:21,922 [INFO] [Coinbase] Abonnement envoyé avec succès
2026-06-29 13:42:22,029 [INFO] <BrokerConnection client_id=kafka-python-producer-1, node_id=1 host=localhost:9092 <connecting> [IPv6 ('::1', 9092, 0, 0)]>: connecting to localhost:9092 [('::1', 9092, 0, 0) IPv6]
2026-06-29 13:42:22,030 [INFO] <BrokerConnection client_id=kafka-python-producer-1, node_id=1 host=localhost:9092 <connected> [IPv6 ('::1', 9092, 0, 0)]>: Connection complete.
2026-06-29 13:42:22,030 [INFO] <BrokerConnection client_id=kafka-python-producer-1, node_id=bootstrap-0 host=localhost:9092 <connected> [IPv6 ('::1', 9092, 0, 0)]>: Closing connection. 
2026-06-29 13:42:22,403 [INFO] [Binance] Connecté avec succès
